
> vite_react_shadcn_ts@0.0.0 build
> next build

Γû▓ Next.js 16.1.6 (Turbopack)
- Environments: .env

  Creating an optimized production build ...
node.exe : Browserslist: browsers data (caniuse-lite) is 9 months old. Please run:
At line:1 char:1
+ & "C:\Program Files\nodejs/node.exe" "C:\Program Files\nodejs/node_mo ...
+ ~~~~~~~~~~~~~~~~~~~~~~~~~~~~~~~~~~~~~~~~~~~~~~~~~~~~~~~~~~~~~~~~~~~~~
    + CategoryInfo          : NotSpecified: (Browserslist: b...ld. Please run::String) [], RemoteException
    + FullyQualifiedErrorId : NativeCommandError
 
  npx update-browserslist-db@latest
  Why you should do it regularly: https://github.com/browserslist/update-db#readme
Γ£ô Compiled successfully in 6.3s
  Running TypeScript ...
  Collecting page data using 7 workers ...
  Generating static pages using 7 workers (0/17) ...
  Generating static pages using 7 workers (4/17) 
  Generating static pages using 7 workers (8/17) 
  Generating static pages using 7 workers (12/17) 
Γ£ô Generating static pages using 7 workers (17/17) in 538.5ms
  Finalizing page optimization ...
  Exporting using 7 workers (0/4) ...
  Exporting using 7 workers (1/4) 
  Exporting using 7 workers (2/4) 
  Exporting using 7 workers (3/4) 
Γ£ô Exporting using 7 workers (4/4) in 685.2ms

Route (app)
Γöî Γùï /
Γö£ Γùï /_not-found
Γö£ Γùï /blogs
Γö£ ΓùÅ /blogs/[slug]
Γöé Γö£ /blogs/chaos-productivity-why-pune-s-remote-workers-ditching-cafes
Γöé Γöö /blogs/struggle-real-why-indian-freelancers-need-break-home-office
Γö£ Γùï /booking
Γö£ Γùï /community
Γö£ Γùï /managed-office-pune
Γö£ ΓùÅ /managed-office-pune/[slug]
Γöé Γö£ /managed-office-pune/wakad
Γöé Γö£ /managed-office-pune/punawale
Γöé Γöö /managed-office-pune/baner
Γö£ Γùï /survey
Γö£ Γùï /visitor-survey
Γöö Γùï /wifi

Route (pages)
ΓöÇ Γùï /NotFound (304 ms)

Γùï  (Static)  prerendered as static content
ΓùÅ  (SSG)     prerendered as static HTML (uses generateStaticParams)

